Fac.ComputeFac: 0
In times expression, one of the parts is not of integer type.
