MT4.Start: 0
MT4.Change: 8
In message send expression, no matching method with id: Change was found.
