A.test: 0
The return expression of method: A::test has invalid type.
