In not expression, the clause is not of boolean type.
