Test.start: 0
In array lookup expression, bad left operand for operator [].
