In times expression, one of the parts is not of integer type.
