LS.Start: 0
LS.Print: 8
LS.Search: 16
LS.Init: 24
LS.number: 0
LS.size: 4
In array lookup expression, bad left operand for operator [].
