Base.get: 0
Base.data: 0
Mismatch in method overriding
