In minus expression, one of the parts is not of integer type.
