While statement condition is not of boolean type.
