A.length_: 0
In array length expression, the primary expression is not of array type.
