Test.start: 0
In array assignment statement, the index expression must have int type.
