In array assignment statement, the left operand is not of array type.
