BBS.Start: 0
BBS.Sort: 8
BBS.Print: 16
BBS.Init: 24
BBS.number: 0
BBS.size: 8
In id expression, id: sz1 is not defined.
