In `&&` expression, one of the parts is not of boolean type.
