In allocation expression, id: B does not denote a known type.
