In array assignment statement, expecting int, got: boolean
