A.test: 0
A.test2: 8
A.test3: 16
Incompatible types: C and B
