In array lookup expression, bad index for operator [].
