Test.start: 0
Test.test: 0
Print statement accepts only integer expressions.
