In array assignment statement, local: a was not found
