ArrayTest.test: 0
ArrayTest.weee: 0
ArrayTest.wre: 4
ArrayTest.aaa: 8
B.aaa: 12
B.we: 16
