Test.start: 0
Test.mutual1: 8
Test.mutual2: 16
Test.i: 0
Test.k: 4
